// Jest Snapshot v1, https://goo.gl/fbAQLP

exports[`renders a snapshot 1`] = `
<div
  class="footerBox"
>
  <div>
    Â© Adrienne Smith & Shelby El-rassi 2020
  </div>
</div>
`;
